
> educode@0.0.0 build
> vite build

[36mvite v7.3.1 [32mbuilding client environment for production...[36m[39m
transforming...
[32mΓ£ô[39m 2151 modules transformed.
rendering chunks...
computing gzip size...
[2mdist/[22m[32mindex.html                 [39m[1m[2m  0.45 kB[22m[1m[22m[2m Γöé gzip:   0.29 kB[22m
[2mdist/[22m[35massets/index-C_usK__2.css  [39m[1m[2m  3.63 kB[22m[1m[22m[2m Γöé gzip:   1.50 kB[22m
[2mdist/[22m[36massets/index-Dx51oo9q.js   [39m[1m[2m484.98 kB[22m[1m[22m[2m Γöé gzip: 153.93 kB[22m
[32mΓ£ô built in 3.89s[39m
